../Core/OMD/IIM42652.c:50:9:IIM42652_Init	40	static
../Core/OMD/IIM42652.c:105:9:IIM42652_InitBusGuard	24	static,ignoring_inline_asm
../Core/OMD/IIM42652.c:113:9:IIM42652_CheckCommunication	32	static
../Core/OMD/IIM42652.c:135:9:IIM42652_SetBasicConfig	24	static
../Core/OMD/IIM42652.c:206:9:IIM42652_SetUserConfig	24	static
../Core/OMD/IIM42652.c:249:9:IIM42652_ReadRegister	40	static
../Core/OMD/IIM42652.c:292:9:IIM42652_ReadRegisterBits	24	static
../Core/OMD/IIM42652.c:318:9:IIM42652_WriteRegister	32	static
../Core/OMD/IIM42652.c:358:9:IIM42652_WriteRegisterBits	40	static
../Core/OMD/IIM42652.c:401:9:IIM42652_ReadMultiRegisters	48	static
../Core/OMD/IIM42652.c:444:9:IIM42652_WriteMultiRegisters	96	dynamic
../Core/OMD/IIM42652.c:477:9:IIM42652_ReadRegisterDMA	24	static
../Core/OMD/IIM42652.c:516:9:IIM42652_WriteRegisterDMA	24	static
../Core/OMD/IIM42652.c:555:9:IIM42652_ReadMultiRegisters_DMA	32	static
../Core/OMD/IIM42652.c:596:9:IIM42652_ReadMultiRegisters_IT	32	static
../Core/OMD/IIM42652.c:621:6:IIM42652_ReadRegisterDMA_Complete	16	static
../Core/OMD/IIM42652.c:630:6:IIM42652_WriteRegisterDMA_Complete	16	static
../Core/OMD/IIM42652.c:638:9:__IMU_TURN_ON	24	static
../Core/OMD/IIM42652.c:648:9:__IMU_LP	24	static
../Core/OMD/IIM42652.c:658:9:__IMU_TURN_OFF	24	static
../Core/OMD/IIM42652.c:668:6:__IMU_INT1_ON	8	static
../Core/OMD/IIM42652.c:672:6:__IMU_INT1_OFF	8	static
../Core/OMD/IIM42652.c:676:6:__IMU_INT2_ON	8	static
../Core/OMD/IIM42652.c:680:6:__IMU_INT2_OFF	8	static
../Core/OMD/IIM42652.c:684:9:IIM42652_SoftReset	32	static
../Core/OMD/IIM42652.c:704:9:IIM42652_SetRegisterBank	40	static
../Core/OMD/IIM42652.c:776:9:IIM42652_SetIntType	32	static
../Core/OMD/IIM42652.c:802:9:IIM42652_SetIntCircuit	32	static
../Core/OMD/IIM42652.c:828:9:IIM42652_SetIntPolarity	32	static
../Core/OMD/IIM42652.c:862:9:IIM42652_SetFIFOMode	32	static
../Core/OMD/IIM42652.c:875:9:IIM42652_SetFIFOCountMode	32	static
../Core/OMD/IIM42652.c:881:9:IIM42652_SetFIFOHoldLastValidData_Enable	32	static
../Core/OMD/IIM42652.c:891:9:IIM42652_SetFIFOIntThreshold_Enable	32	static
../Core/OMD/IIM42652.c:897:9:IIM42652_SetFIFOStore_Accel	32	static
../Core/OMD/IIM42652.c:903:9:IIM42652_SetFIFOStore_Gyro	32	static
../Core/OMD/IIM42652.c:909:9:IIM42652_SetFIFOStore_Temperature	32	static
../Core/OMD/IIM42652.c:915:9:IIM42652_SetFIFOStore_FsyncTimestamp	32	static
../Core/OMD/IIM42652.c:930:9:IIM42652_SetFIFOIntThreshold_Point	32	static
../Core/OMD/IIM42652.c:944:9:IIM42652_SetIntPulsDuration	32	static
../Core/OMD/IIM42652.c:950:9:IIM42652_SetIntPulsDeassert	32	static
../Core/OMD/IIM42652.c:956:9:IIM42652_SetIntPulsAsyncReset	32	static
../Core/OMD/IIM42652.c:971:9:IIM42652_SetIntSource	32	static
../Core/OMD/IIM42652.c:1025:9:IIM42652_SetWomXTh	24	static
../Core/OMD/IIM42652.c:1034:9:IIM42652_GetWomXTh	16	static
../Core/OMD/IIM42652.c:1038:9:IIM42652_SetWomYTh	24	static
../Core/OMD/IIM42652.c:1046:9:IIM42652_GetWomYTh	16	static
../Core/OMD/IIM42652.c:1050:9:IIM42652_SetWomZTh	24	static
../Core/OMD/IIM42652.c:1058:9:IIM42652_GetWomZTh	16	static
../Core/OMD/IIM42652.c:1067:9:IIM42652_SetWOMIntMode	32	static
../Core/OMD/IIM42652.c:1073:9:IIM42652_GetWOMIntMode	24	static
../Core/OMD/IIM42652.c:1077:9:IIM42652_SetWOMMode	32	static
../Core/OMD/IIM42652.c:1083:9:IIM42652_GetWOMMode	24	static
../Core/OMD/IIM42652.c:1087:9:IIM42652_SetSMDMode	32	static
../Core/OMD/IIM42652.c:1093:9:IIM42652_GetSMDMode	24	static
../Core/OMD/IIM42652.c:1102:9:IIM42652_SetAccelMode	32	static
../Core/OMD/IIM42652.c:1108:9:IIM42652_SetGyroMode	32	static
../Core/OMD/IIM42652.c:1114:9:IIM42652_SetTempMode	32	static
../Core/OMD/IIM42652.c:1121:9:IIM42652_GetAccelAafBW	40	static
../Core/OMD/IIM42652.c:1141:9:IIM42652_GetGyroAafBW	16	static
../Core/OMD/IIM42652.c:1146:9:IIM42652_SetGyroFSR	32	static
../Core/OMD/IIM42652.c:1156:9:IIM42652_GetGyroFSR	24	static
../Core/OMD/IIM42652.c:1160:9:IIM42652_SetAccelFSR	32	static
../Core/OMD/IIM42652.c:1170:9:IIM42652_GetAccelFSR	24	static
../Core/OMD/IIM42652.c:1174:9:IIM42652_SetGyroODR	32	static
../Core/OMD/IIM42652.c:1192:9:IIM42652_GetGyroODR	24	static
../Core/OMD/IIM42652.c:1196:9:IIM42652_SetAccelODR	32	static
../Core/OMD/IIM42652.c:1214:9:IIM42652_GetAccelODR	24	static
../Core/OMD/IIM42652.c:1223:9:IIM42652_SetAccelBW	32	static
../Core/OMD/IIM42652.c:1229:9:IIM42652_GetAccelBW	24	static
../Core/OMD/IIM42652.c:1233:9:IIM42652_SetGyroBW	32	static
../Core/OMD/IIM42652.c:1239:9:IIM42652_GetGyroBW	24	static
../Core/OMD/IIM42652.c:1243:9:IIM42652_SetAccelFilterOrder	32	static
../Core/OMD/IIM42652.c:1249:9:IIM42652_GetAccelFilterOrder	24	static
../Core/OMD/IIM42652.c:1253:9:IIM42652_SetGyroFilterOrder	32	static
../Core/OMD/IIM42652.c:1259:9:IIM42652_GetGyroFilterOrder	24	static
../Core/OMD/IIM42652.c:1264:6:IIM42652_SetAccelScaleFactor	16	static
../Core/OMD/IIM42652.c:1282:6:IIM42652_SetGyroScaleFactor	16	static
../Core/OMD/IIM42652.c:1327:9:IIM42652_SetTMSReportEnable	32	static
../Core/OMD/IIM42652.c:1333:9:IIM42652_SetTMSFSyncEnable	32	static
../Core/OMD/IIM42652.c:1339:9:IIM42652_SetTMSDeltaMode	32	static
../Core/OMD/IIM42652.c:1345:9:IIM42652_SetTMSHighResolution	32	static
../Core/OMD/IIM42652.c:1351:9:IIM42652_SetTMStoRegEnable	32	static
../Core/OMD/IIM42652.c:1366:9:IIM42652_SetDMPPowerSaveMode	32	static
../Core/OMD/IIM42652.c:1371:9:IIM42652_SetDMPodr	32	static
../Core/OMD/IIM42652.c:1384:9:IIM42652_SetDMPInit	32	static
../Core/OMD/IIM42652.c:1390:9:IIM42652_SetDMPMemReset	32	static
../Core/OMD/IIM42652.c:1417:9:IIM42652_GetDMPMemReset	24	static
../Core/OMD/IIM42652.c:1422:9:IIM42652_DMPStart	24	static
../Core/OMD/IIM42652.c:1438:9:IIM42652_DMPResume	24	static
../Core/OMD/IIM42652.c:1465:9:IIM42652_GetDMPState	24	static
../Core/OMD/IIM42652.c:1470:9:IIM42652_FIFO_Flush	24	static
../Core/OMD/IIM42652.c:1475:10:IIM42652_GetFIFOCount	32	static
../Core/OMD/IIM42652.c:1486:10:IIM42652_GetFIFOCount_ISR	32	static
../Core/OMD/IIM42652.c:1519:9:IIM42652_GetFIFOData	96	static
../Core/OMD/IIM42652.c:1659:9:IIM42652_GetFIFOData_DMA	32	static
../Core/OMD/IIM42652.c:1670:6:IIM42652_GetFIFOData_DMA_Complete	96	static,ignoring_inline_asm
../Core/OMD/IIM42652.c:1827:9:IIM42652_GetIntStatus	16	static
../Core/OMD/IIM42652.c:1836:9:IIM42652_GetIntStatus2	16	static
../Core/OMD/IIM42652.c:1845:9:IIM42652_GetIntStatus3	16	static
../Core/OMD/IIM42652.c:1850:9:IIM42652_ReadIMUData	40	static
../Core/OMD/IIM42652.c:1891:9:IIM42652_ReadGyroDMA	16	static
../Core/OMD/IIM42652.c:1895:9:IIM42652_ReadAccelDMA	16	static
../Core/OMD/IIM42652.c:1899:6:IIM42652_ReadGyroDMA_Complete	16	static
../Core/OMD/IIM42652.c:1903:6:IIM42652_ReadAccelDMA_Complete	16	static
../Core/OMD/IIM42652.c:1908:7:IIM42652_GetTempCelsius16	16	static
../Core/OMD/IIM42652.c:1912:7:IIM42652_GetTempCelsius8	16	static
../Core/OMD/IIM42652.c:1916:7:IIM42652_GetAccelGravity	16	static
../Core/OMD/IIM42652.c:1920:7:IIM42652_GetGyroRps	16	static
../Core/OMD/IIM42652.c:1924:10:IIM42652_GetTimestampUS	16	static
../Core/OMD/IIM42652.c:1928:6:IIM42652_Format_Data	24	static
../Core/OMD/IIM42652.c:1935:10:IIM42652_RegToAAFBW	16	static
../Core/OMD/IIM42652.c:1939:6:imu_TO_buffer	56	static
../Core/OMD/IIM42652.c:1975:6:buffer_TO_imu	16	static
../Core/OMD/IIM42652.c:2004:6:imu_TO_vector	24	static
../Core/OMD/IIM42652.c:2067:8:imuUsbPacketsCreator	64	static
