../Core/OMD/USBCommProtocol.c:33:6:OMDProtocolInit	32	static,ignoring_inline_asm
../Core/OMD/USBCommProtocol.c:45:6:GiveRxData	24	static
../Core/OMD/USBCommProtocol.c:64:6:MoveRxDataInBuffer	32	static
../Core/OMD/USBCommProtocol.c:98:6:executeCommand	24	static
../Core/OMD/USBCommProtocol.c:335:6:sendCommand	64	static
../Core/OMD/USBCommProtocol.c:361:6:sendCommandBuf	40	static
../Core/OMD/USBCommProtocol.c:389:6:sendCommandFromISR	64	static
../Core/OMD/USBCommProtocol.c:415:6:ackCommand	64	static
../Core/OMD/USBCommProtocol.c:444:6:ackCommandBuf	48	static
../Core/OMD/USBCommProtocol.c:477:6:saveUserConfig	8	static
../Core/OMD/USBCommProtocol.c:482:6:setConfigMode	16	static
../Core/OMD/USBCommProtocol.c:495:9:getConfigMode	4	static
../Core/OMD/USBCommProtocol.c:499:6:setTelemetryEn	16	static
../Core/OMD/USBCommProtocol.c:511:9:getTelemetryEn	4	static
../Core/OMD/USBCommProtocol.c:533:9:setAccelODR	24	static
../Core/OMD/USBCommProtocol.c:542:9:getAccelODR	16	static
../Core/OMD/USBCommProtocol.c:546:9:setGyroODR	24	static
../Core/OMD/USBCommProtocol.c:555:9:getGyroODR	16	static
../Core/OMD/USBCommProtocol.c:559:9:setAccelFSR	24	static
../Core/OMD/USBCommProtocol.c:568:9:getAccelFSR	16	static
../Core/OMD/USBCommProtocol.c:572:9:setGyroFSR	24	static
../Core/OMD/USBCommProtocol.c:581:9:getGyroFSR	16	static
../Core/OMD/USBCommProtocol.c:585:9:setAccelBW	24	static
../Core/OMD/USBCommProtocol.c:594:9:getAccelBW	16	static
../Core/OMD/USBCommProtocol.c:598:9:setGyroBW	24	static
../Core/OMD/USBCommProtocol.c:607:9:getGyroBW	16	static
../Core/OMD/USBCommProtocol.c:611:9:setWomXth	24	static
../Core/OMD/USBCommProtocol.c:620:9:getWomXth	16	static
../Core/OMD/USBCommProtocol.c:624:9:setWomYth	24	static
../Core/OMD/USBCommProtocol.c:633:9:getWomYth	16	static
../Core/OMD/USBCommProtocol.c:637:9:setWomZth	24	static
../Core/OMD/USBCommProtocol.c:646:9:getWomZth	16	static
../Core/OMD/USBCommProtocol.c:650:9:setWomIntMode	24	static
../Core/OMD/USBCommProtocol.c:659:9:getWomIntMode	16	static
../Core/OMD/USBCommProtocol.c:663:9:setWomMode	24	static
../Core/OMD/USBCommProtocol.c:672:9:getWomMode	16	static
../Core/OMD/USBCommProtocol.c:676:9:setSmdMode	24	static
../Core/OMD/USBCommProtocol.c:685:9:getSmdMode	16	static
