../Drivers/CMSIS/Include/core_cm4.h:1939:34:__NVIC_SystemReset	4	static,ignoring_inline_asm
../Core/Src/main.c:132:6:initAll	16	static
../Core/Src/main.c:231:5:main	224	static
../Core/Src/main.c:373:6:SystemClock_Config	88	static
../Core/Src/main.c:420:13:MX_I2C1_Init	8	static
../Core/Src/main.c:454:13:MX_RTC_Init	8	static
../Core/Src/main.c:489:13:MX_SPI1_Init	8	static
../Core/Src/main.c:527:13:MX_TIM1_Init	96	static
../Core/Src/main.c:610:13:MX_TIM2_Init	32	static
../Core/Src/main.c:655:13:MX_TIM3_Init	32	static
../Core/Src/main.c:700:13:MX_TIM5_Init	32	static
../Core/Src/main.c:743:13:MX_DMA_Init	16	static
../Core/Src/main.c:768:13:MX_GPIO_Init	40	static
../Core/Src/main.c:810:15:getRunTimeCounterValue	4	static
../Core/Src/main.c:815:6:HAL_SPI_TxRxCpltCallback	32	static,ignoring_inline_asm
../Core/Src/main.c:828:6:HAL_I2C_MasterTxCpltCallback	16	static
../Core/Src/main.c:836:6:HAL_GPIO_EXTI_Callback	24	static
../Core/Src/main.c:868:6:StartMainTask	32	static
../Core/Src/main.c:946:6:StartSignalElabTask	24	static
../Core/Src/main.c:1022:6:StartUsbTxTask	88	static
../Core/Src/main.c:1081:6:StartUsbRx	32	static
../Core/Src/main.c:1131:6:StartImuTask	32	static
../Core/Src/main.c:1175:6:BlinkTimerCallback	16	static
../Core/Src/main.c:1183:6:DOTimerCallback	16	static
../Core/Src/main.c:1192:6:SPIReadTimoutTimerCallback	16	static
../Core/Src/main.c:1212:6:HAL_TIM_PeriodElapsedCallback	16	static
../Core/Src/main.c:1229:6:Error_Handler	4	static,ignoring_inline_asm
