../Core/Src/stm32f4xx_it.c:77:6:NMI_Handler	4	static
../Core/Src/stm32f4xx_it.c:92:6:HardFault_Handler	4	static
../Core/Src/stm32f4xx_it.c:107:6:MemManage_Handler	4	static
../Core/Src/stm32f4xx_it.c:122:6:BusFault_Handler	4	static
../Core/Src/stm32f4xx_it.c:137:6:UsageFault_Handler	4	static
../Core/Src/stm32f4xx_it.c:152:6:DebugMon_Handler	4	static
../Core/Src/stm32f4xx_it.c:172:6:EXTI3_IRQHandler	8	static
../Core/Src/stm32f4xx_it.c:186:6:EXTI4_IRQHandler	8	static
../Core/Src/stm32f4xx_it.c:200:6:DMA1_Stream1_IRQHandler	8	static
../Core/Src/stm32f4xx_it.c:214:6:TIM1_BRK_TIM9_IRQHandler	8	static
../Core/Src/stm32f4xx_it.c:228:6:TIM1_UP_TIM10_IRQHandler	8	static
../Core/Src/stm32f4xx_it.c:243:6:TIM1_TRG_COM_TIM11_IRQHandler	8	static
../Core/Src/stm32f4xx_it.c:257:6:I2C1_EV_IRQHandler	8	static
../Core/Src/stm32f4xx_it.c:271:6:I2C1_ER_IRQHandler	8	static
../Core/Src/stm32f4xx_it.c:285:6:SPI1_IRQHandler	8	static
../Core/Src/stm32f4xx_it.c:299:6:DMA2_Stream0_IRQHandler	8	static
../Core/Src/stm32f4xx_it.c:313:6:DMA2_Stream2_IRQHandler	8	static
../Core/Src/stm32f4xx_it.c:327:6:OTG_FS_IRQHandler	8	static
