../Core/OMD/IIM42652.c:1928:6:IIM42652_Format_Data.part.0	0	static
../Core/OMD/IIM42652.c:105:9:IIM42652_InitBusGuard	0	static,ignoring_inline_asm
../Core/OMD/IIM42652.c:113:9:IIM42652_CheckCommunication	32	static
../Core/OMD/IIM42652.c:621:6:IIM42652_ReadRegisterDMA_Complete	8	static
../Core/OMD/IIM42652.c:630:6:IIM42652_WriteRegisterDMA_Complete	0	static
../Core/OMD/IIM42652.c:668:6:__IMU_INT1_ON	0	static
../Core/OMD/IIM42652.c:672:6:__IMU_INT1_OFF	0	static
../Core/OMD/IIM42652.c:676:6:__IMU_INT2_ON	0	static
../Core/OMD/IIM42652.c:680:6:__IMU_INT2_OFF	0	static
../Core/OMD/IIM42652.c:704:9:IIM42652_SetRegisterBank	40	static
../Core/OMD/IIM42652.c:249:9:IIM42652_ReadRegister	40	static
../Core/OMD/IIM42652.c:292:9:IIM42652_ReadRegisterBits	32	static
../Core/OMD/IIM42652.c:358:9:IIM42652_WriteRegisterBits	56	static
../Core/OMD/IIM42652.c:684:9:IIM42652_SoftReset	16	static
../Core/OMD/IIM42652.c:318:9:IIM42652_WriteRegister	32	static
../Core/OMD/IIM42652.c:401:9:IIM42652_ReadMultiRegisters	48	static
../Core/OMD/IIM42652.c:444:9:IIM42652_WriteMultiRegisters	56	dynamic
../Core/OMD/IIM42652.c:477:9:IIM42652_ReadRegisterDMA	24	static
../Core/OMD/IIM42652.c:516:9:IIM42652_WriteRegisterDMA	24	static
../Core/OMD/IIM42652.c:555:9:IIM42652_ReadMultiRegisters_DMA	24	static
../Core/OMD/IIM42652.c:596:9:IIM42652_ReadMultiRegisters_IT	24	static
../Core/OMD/IIM42652.c:776:9:IIM42652_SetIntType	24	static
../Core/OMD/IIM42652.c:802:9:IIM42652_SetIntCircuit	24	static
../Core/OMD/IIM42652.c:828:9:IIM42652_SetIntPolarity	32	static
../Core/OMD/IIM42652.c:862:9:IIM42652_SetFIFOMode	16	static
../Core/OMD/IIM42652.c:875:9:IIM42652_SetFIFOCountMode	24	static
../Core/OMD/IIM42652.c:881:9:IIM42652_SetFIFOHoldLastValidData_Enable	24	static
../Core/OMD/IIM42652.c:891:9:IIM42652_SetFIFOIntThreshold_Enable	24	static
../Core/OMD/IIM42652.c:897:9:IIM42652_SetFIFOStore_Accel	24	static
../Core/OMD/IIM42652.c:903:9:IIM42652_SetFIFOStore_Gyro	24	static
../Core/OMD/IIM42652.c:909:9:IIM42652_SetFIFOStore_Temperature	24	static
../Core/OMD/IIM42652.c:915:9:IIM42652_SetFIFOStore_FsyncTimestamp	24	static
../Core/OMD/IIM42652.c:930:9:IIM42652_SetFIFOIntThreshold_Point	24	static
../Core/OMD/IIM42652.c:944:9:IIM42652_SetIntPulsDuration	24	static
../Core/OMD/IIM42652.c:950:9:IIM42652_SetIntPulsDeassert	24	static
../Core/OMD/IIM42652.c:956:9:IIM42652_SetIntPulsAsyncReset	24	static
../Core/OMD/IIM42652.c:971:9:IIM42652_SetIntSource	40	static
../Core/OMD/IIM42652.c:1034:9:IIM42652_GetWomXTh	0	static
../Core/OMD/IIM42652.c:1025:9:IIM42652_SetWomXTh	24	static
../Core/OMD/IIM42652.c:1046:9:IIM42652_GetWomYTh	0	static
../Core/OMD/IIM42652.c:1038:9:IIM42652_SetWomYTh	24	static
../Core/OMD/IIM42652.c:1058:9:IIM42652_GetWomZTh	0	static
../Core/OMD/IIM42652.c:1050:9:IIM42652_SetWomZTh	24	static
../Core/OMD/IIM42652.c:1067:9:IIM42652_SetWOMIntMode	16	static
../Core/OMD/IIM42652.c:1073:9:IIM42652_GetWOMIntMode	16	static
../Core/OMD/IIM42652.c:1077:9:IIM42652_SetWOMMode	16	static
../Core/OMD/IIM42652.c:1083:9:IIM42652_GetWOMMode	16	static
../Core/OMD/IIM42652.c:1087:9:IIM42652_SetSMDMode	16	static
../Core/OMD/IIM42652.c:1093:9:IIM42652_GetSMDMode	16	static
../Core/OMD/IIM42652.c:1102:9:IIM42652_SetAccelMode	16	static
../Core/OMD/IIM42652.c:1108:9:IIM42652_SetGyroMode	16	static
../Core/OMD/IIM42652.c:1114:9:IIM42652_SetTempMode	24	static
../Core/OMD/IIM42652.c:638:9:__IMU_TURN_ON	8	static
../Core/OMD/IIM42652.c:648:9:__IMU_LP	8	static
../Core/OMD/IIM42652.c:658:9:__IMU_TURN_OFF	8	static
../Core/OMD/IIM42652.c:1121:9:IIM42652_GetAccelAafBW	24	static
../Core/OMD/IIM42652.c:1141:9:IIM42652_GetGyroAafBW	0	static
../Core/OMD/IIM42652.c:1156:9:IIM42652_GetGyroFSR	16	static
../Core/OMD/IIM42652.c:1170:9:IIM42652_GetAccelFSR	16	static
../Core/OMD/IIM42652.c:1174:9:IIM42652_SetGyroODR	24	static
../Core/OMD/IIM42652.c:1192:9:IIM42652_GetGyroODR	16	static
../Core/OMD/IIM42652.c:1196:9:IIM42652_SetAccelODR	24	static
../Core/OMD/IIM42652.c:1214:9:IIM42652_GetAccelODR	16	static
../Core/OMD/IIM42652.c:1223:9:IIM42652_SetAccelBW	16	static
../Core/OMD/IIM42652.c:1229:9:IIM42652_GetAccelBW	16	static
../Core/OMD/IIM42652.c:1233:9:IIM42652_SetGyroBW	16	static
../Core/OMD/IIM42652.c:1239:9:IIM42652_GetGyroBW	16	static
../Core/OMD/IIM42652.c:1243:9:IIM42652_SetAccelFilterOrder	16	static
../Core/OMD/IIM42652.c:1249:9:IIM42652_GetAccelFilterOrder	16	static
../Core/OMD/IIM42652.c:1253:9:IIM42652_SetGyroFilterOrder	16	static
../Core/OMD/IIM42652.c:1259:9:IIM42652_GetGyroFilterOrder	16	static
../Core/OMD/IIM42652.c:1264:6:IIM42652_SetAccelScaleFactor	0	static
../Core/OMD/IIM42652.c:1160:9:IIM42652_SetAccelFSR	24	static
../Core/OMD/IIM42652.c:1282:6:IIM42652_SetGyroScaleFactor	0	static
../Core/OMD/IIM42652.c:1146:9:IIM42652_SetGyroFSR	24	static
../Core/OMD/IIM42652.c:206:9:IIM42652_SetUserConfig	32	static
../Core/OMD/IIM42652.c:1327:9:IIM42652_SetTMSReportEnable	24	static
../Core/OMD/IIM42652.c:1333:9:IIM42652_SetTMSFSyncEnable	24	static
../Core/OMD/IIM42652.c:1339:9:IIM42652_SetTMSDeltaMode	24	static
../Core/OMD/IIM42652.c:1345:9:IIM42652_SetTMSHighResolution	24	static
../Core/OMD/IIM42652.c:1351:9:IIM42652_SetTMStoRegEnable	24	static
../Core/OMD/IIM42652.c:1366:9:IIM42652_SetDMPPowerSaveMode	16	static
../Core/OMD/IIM42652.c:1371:9:IIM42652_SetDMPodr	16	static
../Core/OMD/IIM42652.c:135:9:IIM42652_SetBasicConfig	32	static
../Core/OMD/IIM42652.c:50:9:IIM42652_Init	40	static
../Core/OMD/IIM42652.c:1384:9:IIM42652_SetDMPInit	24	static
../Core/OMD/IIM42652.c:1390:9:IIM42652_SetDMPMemReset	24	static
../Core/OMD/IIM42652.c:1417:9:IIM42652_GetDMPMemReset	16	static
../Core/OMD/IIM42652.c:1465:9:IIM42652_GetDMPState	16	static
../Core/OMD/IIM42652.c:1438:9:IIM42652_DMPResume	24	static
../Core/OMD/IIM42652.c:1422:9:IIM42652_DMPStart	16	static
../Core/OMD/IIM42652.c:1470:9:IIM42652_FIFO_Flush	16	static
../Core/OMD/IIM42652.c:1475:10:IIM42652_GetFIFOCount	24	static
../Core/OMD/IIM42652.c:1486:10:IIM42652_GetFIFOCount_ISR	32	static
../Core/OMD/IIM42652.c:1659:9:IIM42652_GetFIFOData_DMA	16	static
../Core/OMD/IIM42652.c:1827:9:IIM42652_GetIntStatus	0	static
../Core/OMD/IIM42652.c:1836:9:IIM42652_GetIntStatus2	0	static
../Core/OMD/IIM42652.c:1845:9:IIM42652_GetIntStatus3	0	static
../Core/OMD/IIM42652.c:1850:9:IIM42652_ReadIMUData	40	static
../Core/OMD/IIM42652.c:1891:9:IIM42652_ReadGyroDMA	0	static
../Core/OMD/IIM42652.c:1895:9:IIM42652_ReadAccelDMA	0	static
../Core/OMD/IIM42652.c:1899:6:IIM42652_ReadGyroDMA_Complete	0	static
../Core/OMD/IIM42652.c:1903:6:IIM42652_ReadAccelDMA_Complete	0	static
../Core/OMD/IIM42652.c:1908:7:IIM42652_GetTempCelsius16	8	static
../Core/OMD/IIM42652.c:1912:7:IIM42652_GetTempCelsius8	8	static
../Core/OMD/IIM42652.c:1916:7:IIM42652_GetAccelGravity	0	static
../Core/OMD/IIM42652.c:1920:7:IIM42652_GetGyroRps	0	static
../Core/OMD/IIM42652.c:1924:10:IIM42652_GetTimestampUS	0	static
../Core/OMD/IIM42652.c:1928:6:IIM42652_Format_Data	0	static
../Core/OMD/IIM42652.c:1935:10:IIM42652_RegToAAFBW	0	static
../Core/OMD/IIM42652.c:1939:6:imu_TO_buffer	28	static
../Core/OMD/IIM42652.c:1519:9:IIM42652_GetFIFOData	112	static
../Core/OMD/IIM42652.c:1670:6:IIM42652_GetFIFOData_DMA_Complete	112	static,ignoring_inline_asm
../Core/OMD/IIM42652.c:1975:6:buffer_TO_imu	0	static
../Core/OMD/IIM42652.c:2004:6:imu_TO_vector	24	static
../Core/OMD/IIM42652.c:2067:8:imuUsbPacketsCreator	64	static
