../Core/OMD/IIM42652.c:1932:6:IIM42652_Format_Data.part.0	0	static
../Core/OMD/IIM42652.c:105:9:IIM42652_InitBusGuard	0	static,ignoring_inline_asm
../Core/OMD/IIM42652.c:113:9:IIM42652_CheckCommunication	32	static
../Core/OMD/IIM42652.c:621:6:IIM42652_ReadRegisterDMA_Complete	8	static
../Core/OMD/IIM42652.c:630:6:IIM42652_WriteRegisterDMA_Complete	0	static
../Core/OMD/IIM42652.c:668:6:__IMU_INT1_ON	0	static
../Core/OMD/IIM42652.c:672:6:__IMU_INT1_OFF	0	static
../Core/OMD/IIM42652.c:676:6:__IMU_INT2_ON	0	static
../Core/OMD/IIM42652.c:680:6:__IMU_INT2_OFF	0	static
../Core/OMD/IIM42652.c:708:9:IIM42652_SetRegisterBank	40	static
../Core/OMD/IIM42652.c:249:9:IIM42652_ReadRegister	40	static
../Core/OMD/IIM42652.c:292:9:IIM42652_ReadRegisterBits	32	static
../Core/OMD/IIM42652.c:358:9:IIM42652_WriteRegisterBits	56	static
../Core/OMD/IIM42652.c:688:9:IIM42652_SoftReset	16	static
../Core/OMD/IIM42652.c:684:9:IIM42652_GetWhoIAm	0	static
../Core/OMD/IIM42652.c:318:9:IIM42652_WriteRegister	32	static
../Core/OMD/IIM42652.c:401:9:IIM42652_ReadMultiRegisters	48	static
../Core/OMD/IIM42652.c:444:9:IIM42652_WriteMultiRegisters	56	dynamic
../Core/OMD/IIM42652.c:477:9:IIM42652_ReadRegisterDMA	24	static
../Core/OMD/IIM42652.c:516:9:IIM42652_WriteRegisterDMA	24	static
../Core/OMD/IIM42652.c:555:9:IIM42652_ReadMultiRegisters_DMA	24	static
../Core/OMD/IIM42652.c:596:9:IIM42652_ReadMultiRegisters_IT	24	static
../Core/OMD/IIM42652.c:780:9:IIM42652_SetIntType	24	static
../Core/OMD/IIM42652.c:806:9:IIM42652_SetIntCircuit	24	static
../Core/OMD/IIM42652.c:832:9:IIM42652_SetIntPolarity	32	static
../Core/OMD/IIM42652.c:866:9:IIM42652_SetFIFOMode	16	static
../Core/OMD/IIM42652.c:879:9:IIM42652_SetFIFOCountMode	24	static
../Core/OMD/IIM42652.c:885:9:IIM42652_SetFIFOHoldLastValidData_Enable	24	static
../Core/OMD/IIM42652.c:895:9:IIM42652_SetFIFOIntThreshold_Enable	24	static
../Core/OMD/IIM42652.c:901:9:IIM42652_SetFIFOStore_Accel	24	static
../Core/OMD/IIM42652.c:907:9:IIM42652_SetFIFOStore_Gyro	24	static
../Core/OMD/IIM42652.c:913:9:IIM42652_SetFIFOStore_Temperature	24	static
../Core/OMD/IIM42652.c:919:9:IIM42652_SetFIFOStore_FsyncTimestamp	24	static
../Core/OMD/IIM42652.c:934:9:IIM42652_SetFIFOIntThreshold_Point	24	static
../Core/OMD/IIM42652.c:948:9:IIM42652_SetIntPulsDuration	24	static
../Core/OMD/IIM42652.c:954:9:IIM42652_SetIntPulsDeassert	24	static
../Core/OMD/IIM42652.c:960:9:IIM42652_SetIntPulsAsyncReset	24	static
../Core/OMD/IIM42652.c:975:9:IIM42652_SetIntSource	40	static
../Core/OMD/IIM42652.c:1038:9:IIM42652_GetWomXTh	0	static
../Core/OMD/IIM42652.c:1029:9:IIM42652_SetWomXTh	24	static
../Core/OMD/IIM42652.c:1050:9:IIM42652_GetWomYTh	0	static
../Core/OMD/IIM42652.c:1042:9:IIM42652_SetWomYTh	24	static
../Core/OMD/IIM42652.c:1062:9:IIM42652_GetWomZTh	0	static
../Core/OMD/IIM42652.c:1054:9:IIM42652_SetWomZTh	24	static
../Core/OMD/IIM42652.c:1071:9:IIM42652_SetWOMIntMode	16	static
../Core/OMD/IIM42652.c:1077:9:IIM42652_GetWOMIntMode	16	static
../Core/OMD/IIM42652.c:1081:9:IIM42652_SetWOMMode	16	static
../Core/OMD/IIM42652.c:1087:9:IIM42652_GetWOMMode	16	static
../Core/OMD/IIM42652.c:1091:9:IIM42652_SetSMDMode	16	static
../Core/OMD/IIM42652.c:1097:9:IIM42652_GetSMDMode	16	static
../Core/OMD/IIM42652.c:1106:9:IIM42652_SetAccelMode	16	static
../Core/OMD/IIM42652.c:1112:9:IIM42652_SetGyroMode	16	static
../Core/OMD/IIM42652.c:1118:9:IIM42652_SetTempMode	24	static
../Core/OMD/IIM42652.c:638:9:__IMU_TURN_ON	8	static
../Core/OMD/IIM42652.c:648:9:__IMU_LP	8	static
../Core/OMD/IIM42652.c:658:9:__IMU_TURN_OFF	8	static
../Core/OMD/IIM42652.c:1125:9:IIM42652_GetAccelAafBW	24	static
../Core/OMD/IIM42652.c:1145:9:IIM42652_GetGyroAafBW	0	static
../Core/OMD/IIM42652.c:1160:9:IIM42652_GetGyroFSR	16	static
../Core/OMD/IIM42652.c:1174:9:IIM42652_GetAccelFSR	16	static
../Core/OMD/IIM42652.c:1178:9:IIM42652_SetGyroODR	24	static
../Core/OMD/IIM42652.c:1196:9:IIM42652_GetGyroODR	16	static
../Core/OMD/IIM42652.c:1200:9:IIM42652_SetAccelODR	24	static
../Core/OMD/IIM42652.c:1218:9:IIM42652_GetAccelODR	16	static
../Core/OMD/IIM42652.c:1227:9:IIM42652_SetAccelBW	16	static
../Core/OMD/IIM42652.c:1233:9:IIM42652_GetAccelBW	16	static
../Core/OMD/IIM42652.c:1237:9:IIM42652_SetGyroBW	16	static
../Core/OMD/IIM42652.c:1243:9:IIM42652_GetGyroBW	16	static
../Core/OMD/IIM42652.c:1247:9:IIM42652_SetAccelFilterOrder	16	static
../Core/OMD/IIM42652.c:1253:9:IIM42652_GetAccelFilterOrder	16	static
../Core/OMD/IIM42652.c:1257:9:IIM42652_SetGyroFilterOrder	16	static
../Core/OMD/IIM42652.c:1263:9:IIM42652_GetGyroFilterOrder	16	static
../Core/OMD/IIM42652.c:1268:6:IIM42652_SetAccelScaleFactor	0	static
../Core/OMD/IIM42652.c:1164:9:IIM42652_SetAccelFSR	24	static
../Core/OMD/IIM42652.c:1286:6:IIM42652_SetGyroScaleFactor	0	static
../Core/OMD/IIM42652.c:1150:9:IIM42652_SetGyroFSR	24	static
../Core/OMD/IIM42652.c:206:9:IIM42652_SetUserConfig	32	static
../Core/OMD/IIM42652.c:1331:9:IIM42652_SetTMSReportEnable	24	static
../Core/OMD/IIM42652.c:1337:9:IIM42652_SetTMSFSyncEnable	24	static
../Core/OMD/IIM42652.c:1343:9:IIM42652_SetTMSDeltaMode	24	static
../Core/OMD/IIM42652.c:1349:9:IIM42652_SetTMSHighResolution	24	static
../Core/OMD/IIM42652.c:1355:9:IIM42652_SetTMStoRegEnable	24	static
../Core/OMD/IIM42652.c:1370:9:IIM42652_SetDMPPowerSaveMode	16	static
../Core/OMD/IIM42652.c:1375:9:IIM42652_SetDMPodr	16	static
../Core/OMD/IIM42652.c:135:9:IIM42652_SetBasicConfig	32	static
../Core/OMD/IIM42652.c:50:9:IIM42652_Init	40	static
../Core/OMD/IIM42652.c:1388:9:IIM42652_SetDMPInit	24	static
../Core/OMD/IIM42652.c:1394:9:IIM42652_SetDMPMemReset	24	static
../Core/OMD/IIM42652.c:1421:9:IIM42652_GetDMPMemReset	16	static
../Core/OMD/IIM42652.c:1469:9:IIM42652_GetDMPState	16	static
../Core/OMD/IIM42652.c:1442:9:IIM42652_DMPResume	24	static
../Core/OMD/IIM42652.c:1426:9:IIM42652_DMPStart	16	static
../Core/OMD/IIM42652.c:1474:9:IIM42652_FIFO_Flush	16	static
../Core/OMD/IIM42652.c:1479:10:IIM42652_GetFIFOCount	24	static
../Core/OMD/IIM42652.c:1490:10:IIM42652_GetFIFOCount_ISR	32	static
../Core/OMD/IIM42652.c:1663:9:IIM42652_GetFIFOData_DMA	16	static
../Core/OMD/IIM42652.c:1831:9:IIM42652_GetIntStatus	0	static
../Core/OMD/IIM42652.c:1840:9:IIM42652_GetIntStatus2	0	static
../Core/OMD/IIM42652.c:1849:9:IIM42652_GetIntStatus3	0	static
../Core/OMD/IIM42652.c:1854:9:IIM42652_ReadIMUData	40	static
../Core/OMD/IIM42652.c:1895:9:IIM42652_ReadGyroDMA	0	static
../Core/OMD/IIM42652.c:1899:9:IIM42652_ReadAccelDMA	0	static
../Core/OMD/IIM42652.c:1903:6:IIM42652_ReadGyroDMA_Complete	0	static
../Core/OMD/IIM42652.c:1907:6:IIM42652_ReadAccelDMA_Complete	0	static
../Core/OMD/IIM42652.c:1912:7:IIM42652_GetTempCelsius16	8	static
../Core/OMD/IIM42652.c:1916:7:IIM42652_GetTempCelsius8	8	static
../Core/OMD/IIM42652.c:1920:7:IIM42652_GetAccelGravity	0	static
../Core/OMD/IIM42652.c:1924:7:IIM42652_GetGyroRps	0	static
../Core/OMD/IIM42652.c:1928:10:IIM42652_GetTimestampUS	0	static
../Core/OMD/IIM42652.c:1932:6:IIM42652_Format_Data	0	static
../Core/OMD/IIM42652.c:1939:10:IIM42652_RegToAAFBW	0	static
../Core/OMD/IIM42652.c:1943:6:imu_TO_buffer	28	static
../Core/OMD/IIM42652.c:1523:9:IIM42652_GetFIFOData	112	static
../Core/OMD/IIM42652.c:1674:6:IIM42652_GetFIFOData_DMA_Complete	112	static,ignoring_inline_asm
../Core/OMD/IIM42652.c:1979:6:buffer_TO_imu	0	static
../Core/OMD/IIM42652.c:2008:6:imu_TO_vector	24	static
../Core/OMD/IIM42652.c:2071:8:imuUsbPacketsCreator	64	static
