../Core/OMD/USBCommProtocol.c:488:6:setConfigMode.part.0	8	static
../Core/OMD/USBCommProtocol.c:33:6:OMDProtocolInit	24	static,ignoring_inline_asm
../Core/OMD/USBCommProtocol.c:64:6:MoveRxDataInBuffer	32	static
../Core/OMD/USBCommProtocol.c:341:6:sendCommand	48	static
../Core/OMD/USBCommProtocol.c:367:6:sendCommandBuf	40	static
../Core/OMD/USBCommProtocol.c:395:6:sendCommandFromISR	56	static
../Core/OMD/USBCommProtocol.c:421:6:ackCommand	56	static
../Core/OMD/USBCommProtocol.c:450:6:ackCommandBuf	48	static
../Core/OMD/USBCommProtocol.c:483:6:saveUserConfig	0	static
../Core/OMD/USBCommProtocol.c:488:6:setConfigMode	8	static
../Core/OMD/USBCommProtocol.c:501:9:getConfigMode	0	static
../Core/OMD/USBCommProtocol.c:505:6:setTelemetryEn	0	static
../Core/OMD/USBCommProtocol.c:517:9:getTelemetryEn	0	static
../Core/OMD/USBCommProtocol.c:539:9:setAccelODR	16	static
../Core/OMD/USBCommProtocol.c:548:9:getAccelODR	0	static
../Core/OMD/USBCommProtocol.c:552:9:setGyroODR	16	static
../Core/OMD/USBCommProtocol.c:561:9:getGyroODR	0	static
../Core/OMD/USBCommProtocol.c:565:9:setAccelFSR	16	static
../Core/OMD/USBCommProtocol.c:574:9:getAccelFSR	0	static
../Core/OMD/USBCommProtocol.c:578:9:setGyroFSR	16	static
../Core/OMD/USBCommProtocol.c:587:9:getGyroFSR	0	static
../Core/OMD/USBCommProtocol.c:591:9:setAccelBW	16	static
../Core/OMD/USBCommProtocol.c:600:9:getAccelBW	0	static
../Core/OMD/USBCommProtocol.c:604:9:setGyroBW	16	static
../Core/OMD/USBCommProtocol.c:613:9:getGyroBW	0	static
../Core/OMD/USBCommProtocol.c:617:9:setWomXth	16	static
../Core/OMD/USBCommProtocol.c:626:9:getWomXth	0	static
../Core/OMD/USBCommProtocol.c:630:9:setWomYth	16	static
../Core/OMD/USBCommProtocol.c:639:9:getWomYth	0	static
../Core/OMD/USBCommProtocol.c:643:9:setWomZth	16	static
../Core/OMD/USBCommProtocol.c:652:9:getWomZth	0	static
../Core/OMD/USBCommProtocol.c:656:9:setWomIntMode	16	static
../Core/OMD/USBCommProtocol.c:665:9:getWomIntMode	0	static
../Core/OMD/USBCommProtocol.c:669:9:setWomMode	16	static
../Core/OMD/USBCommProtocol.c:678:9:getWomMode	0	static
../Core/OMD/USBCommProtocol.c:682:9:setSmdMode	16	static
../Core/OMD/USBCommProtocol.c:98:6:executeCommand	24	static
../Core/OMD/USBCommProtocol.c:45:6:GiveRxData	24	static
../Core/OMD/USBCommProtocol.c:691:9:getSmdMode	0	static
../Core/OMD/USBCommProtocol.c:695:9:getPingPong	0	static
