../Core/OMD/vc_vector.c:25:6:vc_vector_realloc	16	static
../Core/OMD/vc_vector.c:38:6:vc_vector_call_deleter	16	static
../Core/OMD/vc_vector.c:44:6:vc_vector_call_deleter_all	0	static
../Core/OMD/vc_vector.c:52:12:vc_vector_create	24	static
../Core/OMD/vc_vector.c:74:12:vc_vector_create_copy	16	static
../Core/OMD/vc_vector.c:94:6:vc_vector_release	8	static
../Core/OMD/vc_vector.c:106:6:vc_vector_is_equals	8	static
../Core/OMD/vc_vector.c:115:7:vc_vector_get_growth_factor	0	static
../Core/OMD/vc_vector.c:119:8:vc_vector_get_default_count_of_elements	0	static
../Core/OMD/vc_vector.c:123:8:vc_vector_struct_size	0	static
../Core/OMD/vc_vector.c:131:7:vc_vector_at	0	static
../Core/OMD/vc_vector.c:135:7:vc_vector_front	0	static
../Core/OMD/vc_vector.c:139:7:vc_vector_back	0	static
../Core/OMD/vc_vector.c:143:7:vc_vector_data	0	static
../Core/OMD/vc_vector.c:151:7:vc_vector_begin	0	static
../Core/OMD/vc_vector.c:155:7:vc_vector_end	0	static
../Core/OMD/vc_vector.c:159:7:vc_vector_next	0	static
../Core/OMD/vc_vector.c:167:6:vc_vector_empty	0	static
../Core/OMD/vc_vector.c:171:8:vc_vector_count	0	static
../Core/OMD/vc_vector.c:175:8:vc_vector_size	0	static
../Core/OMD/vc_vector.c:179:8:vc_vector_max_count	0	static
../Core/OMD/vc_vector.c:183:8:vc_vector_max_size	0	static
../Core/OMD/vc_vector.c:187:6:vc_vector_reserve_count	4	static
../Core/OMD/vc_vector.c:200:6:vc_vector_reserve_size	0	static
../Core/OMD/vc_vector.c:208:6:vc_vector_clear	8	static
../Core/OMD/vc_vector.c:216:6:vc_vector_insert	24	static
../Core/OMD/vc_vector.c:240:6:vc_vector_erase	16	static
../Core/OMD/vc_vector.c:255:6:vc_vector_erase_range	16	static
../Core/OMD/vc_vector.c:270:6:vc_vector_append	32	static
../Core/OMD/vc_vector.c:294:6:vc_vector_push_back	0	static
../Core/OMD/vc_vector.c:302:6:vc_vector_pop_back	8	static
../Core/OMD/vc_vector.c:311:6:vc_vector_replace	24	static
../Core/OMD/vc_vector.c:321:6:vc_vector_replace_multiple	24	static
